// Jest Snapshot v1, https://goo.gl/fbAQLP

exports[`App should match the snapshot 1`] = `
<div
  className="App"
>
  <Controls
    handleHeaderClick={[Function]}
    options={
      Array [
        "Kindergartners In Full Day Program",
        "Online Pupil Enrollment",
        "Title I Students",
        "High School Graduation Rates",
        "Median Household Income",
        "Pupil Enrollment",
        "Remediation in Higher Education",
        "School Aged Children in Poverty",
        "Special Education",
      ]
    }
  />
  <Compare
    handleCompareClick={[Function]}
    toCompare={Array []}
  />
</div>
`;
